yarn run v1.22.22
$ bash -c 'scripts/electron-builder.sh --windows --x64'
/c/git/gsender/dist/gsender /c/git/gsender
✓ Dependencies already installed, skipping...
/c/git/gsender
✓ Native modules already rebuilt for electron 
v38.8.6, skipping...
Building with electron-builder...
$ electron-builder --windows --x64
  • electron-builder  version=26.8.1 os=10.0.26200
  • loaded configuration  file=package.json ("build" field)
  • description is missed in the package.json  appPackageFile=C:\git\gsender\dist\gsender\package.json
  • skipped dependencies rebuild  reason=npmRebuild is set to false
  • packaging       platform=win32 arch=x64 electron=38.8.6 appOutDir=output\win-unpacked
  • searching for node modules  pm=yarn searchDir=C:\git\gsender\dist\gsender
  • collector stderr output  dependencies=["npm error code ELSPROBLEMS\nnpm error missing: electron@>= 13.0.0, required by @electron/remote@2.1.3\nnpm error invalid: browser-serialport@2.0.3 C:\\git\\gsender\\dist\\gsender\\node_modules\\browser-serialport\nnpm error A complete log of this run can be found in: C:\\Users\\Dave\\AppData\\Local\\npm-cache\\_logs\\2026-03-28T20_08_31_395Z-debug-0.log\n"]
  • duplicate dependency references  dependencies=["@sentry-internal/replay@10.42.0","@sentry-internal/browser-utils@10.42.0","@opentelemetry/core@2.6.1","import-in-the-middle@2.0.6","require-in-the-middle@8.0.1","@opentelemetry/core@2.6.1","@opentelemetry/instrumentation@0.211.0","@opentelemetry/core@2.6.1","@opentelemetry/instrumentation@0.211.0","@opentelemetry/instrumentation@0.211.0","@opentelemetry/core@2.6.1","@opentelemetry/instrumentation@0.211.0","@opentelemetry/core@2.6.1","@opentelemetry/instrumentation@0.211.0","@opentelemetry/instrumentation@0.211.0","@opentelemetry/instrumentation@0.211.0","@opentelemetry/core@2.6.1","@opentelemetry/instrumentation@0.211.0","@opentelemetry/instrumentation@0.211.0","@opentelemetry/instrumentation@0.211.0","@opentelemetry/instrumentation@0.211.0","@opentelemetry/instrumentation@0.211.0","@opentelemetry/core@2.6.1","@opentelemetry/instrumentation@0.211.0","@opentelemetry/instrumentation@0.211.0","@opentelemetry/instrumentation@0.211.0","@opentelemetry/core@2.6.1","@opentelemetry/instrumentation@0.211.0","@opentelemetry/instrumentation@0.211.0","@opentelemetry/instrumentation@0.211.0","@opentelemetry/core@2.6.1","@opentelemetry/core@2.6.1","@opentelemetry/instrumentation@0.211.0","@opentelemetry/sql-common@0.41.2","pg-types@2.2.0","@opentelemetry/instrumentation@0.211.0","@opentelemetry/instrumentation@0.211.0","@opentelemetry/core@2.6.1","@opentelemetry/instrumentation@0.211.0","import-in-the-middle@2.0.6","debug@4.4.3","@opentelemetry/core@2.6.1","@opentelemetry/core@2.6.1","@opentelemetry/resources@2.6.1","import-in-the-middle@2.0.6","require-in-the-middle@8.0.1","@opentelemetry/core@2.6.1","@opentelemetry/instrumentation@0.211.0","@opentelemetry/resources@2.6.1","@opentelemetry/sdk-trace-base@2.6.1","@sentry/opentelemetry@10.42.0","import-in-the-middle@2.0.6","@opentelemetry/core@2.6.1","@opentelemetry/sdk-trace-base@2.6.1","@sentry-internal/replay@9.47.1","@sentry-internal/browser-utils@9.47.1","react@18.3.1","@serialport/binding-mock@10.2.2","@serialport/parser-readline@10.5.0","debug@4.4.3","debug@4.4.3","debug@4.4.3","call-bind-apply-helpers@1.0.2","es-object-atoms@1.1.1","hasown@2.0.2","hasown@2.0.2","ajv@8.18.0","type-fest@5.5.0","debug@4.4.3","jsonfile@6.2.0","mime-types@2.1.35","type-check@0.3.2","jsonwebtoken@8.5.1","accepts@1.3.8","on-finished@2.3.0","http-errors@1.6.3","type-is@1.6.18","on-finished@2.3.0","debug@2.6.9","http-errors@1.6.3","on-finished@2.3.0","serve-static@1.13.2","mime-types@2.1.35","@types/responselike@1.0.3","once@1.4.0","once@1.4.0","responselike@2.0.1","clone-response@1.0.3","pump@3.0.4","pump@3.0.4","on-finished@2.3.0","mkdirp@0.5.6","type-is@1.6.18","react@18.3.1","loose-envify@1.4.0","loose-envify@1.4.0","rc@1.2.8","once@1.4.0","brace-expansion@1.1.13","debug@4.4.3","@serialport/parser-readline@13.0.0","http-errors@1.6.3","on-finished@2.3.0","accepts@1.3.8","cors@2.8.6","debug@4.4.3","accepts@1.3.8","cors@2.8.6","debug@4.4.3","debug@4.4.3","debug@4.4.3","debug@4.4.3","combined-stream@1.0.8","es-set-tostringtag@2.1.0","hasown@2.0.2","mime-types@2.1.35","call-bind-apply-helpers@1.0.2","get-intrinsic@1.3.0","get-intrinsic@1.3.0","call-bound@1.0.4","get-intrinsic@1.3.0","side-channel-map@1.0.1","http-errors@1.6.3","on-finished@2.3.0","type-is@1.6.18","accepts@1.3.8","compressible@2.0.18","multiparty@4.1.4","on-finished@2.3.0","type-is@1.6.18","cookie-parser@1.4.7","glob@7.2.3","glob@7.2.3","errorhandler@1.5.2","uid-safe@2.1.5","accepts@1.3.8","on-finished@2.3.0","on-finished@2.3.0","http-errors@1.6.3","on-finished@2.3.0","serve-static@1.12.6","type-is@1.6.18","hogan.js@3.0.2","on-finished@2.3.0","send@0.15.6","readable-stream@3.6.2","logform@2.7.0","readable-stream@3.6.2"]
  • updating asar integrity executable resource  executablePath=output\win-unpacked\gSender.exe
  • skipping "afterSign" hook as no signing occurred, perhaps you intended "afterPack"?
  • building        target=nsis file=output\gSender-1.6.0-x64.exe archs=x64 oneClick=false perMachine=true
  • signing with signtool.exe  path=output\gSender-1.6.0-x64.__uninstaller.exe
  • signing with signtool.exe  path=output\gSender-1.6.0-x64.exe
  • building block map  blockMapFile=output\gSender-1.6.0-x64.exe.blockmap
Done in 38.94s.
